// Jest Snapshot v1, https://goo.gl/fbAQLP

exports[`MenuItem default values renders correctly 1`] = `
<WithStyles(ForwardRef(MenuItem))
  button={true}
/>
`;

exports[`MenuItem prop values renders correctly 1`] = `
<WithStyles(ForwardRef(MenuItem))
  button={true}
  id="id"
  onClick={[MockFunction]}
>
  <WithStyles(ForwardRef(ListItemIcon))>
    <ChevronRightIcon />
  </WithStyles(ForwardRef(ListItemIcon))>
  <WithStyles(ForwardRef(ListItemText))
    primary="text"
  />
</WithStyles(ForwardRef(MenuItem))>
`;
