// Jest Snapshot v1, https://goo.gl/fbAQLP

exports[`MainMenu default values renders correctly 1`] = `<WithStyles(ForwardRef(List)) />`;

exports[`MainMenu menu is defined with custom component renders correctly 1`] = `
<WithStyles(ForwardRef(List))>
  <div
    data-text="one"
    key="one"
  />
  ,
  <div
    data-text="two"
    key="two"
  />
  ,
  <div
    data-text="three"
    key="three"
  />
  ,
</WithStyles(ForwardRef(List))>
`;

exports[`MainMenu menu is defined with graasp MenuItem renders correctly 1`] = `
<WithStyles(ForwardRef(List))
  id="id"
>
  <MenuItem
    key="one"
    text="one"
  />
  ,
  <MenuItem
    key="two"
    text="two"
  />
  ,
  <MenuItem
    key="three"
    text="three"
  />
  ,
</WithStyles(ForwardRef(List))>
`;
